com\chickencenter\ui\controllers\BillingController$2.class
com\chickencenter\model\Product.class
com\chickencenter\ui\controllers\ExpensesController$VendorSelect.class
com\chickencenter\ui\controllers\SalesController$9.class
com\chickencenter\model\SaleItem.class
com\chickencenter\printer\ThermalReceiptBuilder.class
com\chickencenter\ui\controllers\ExpensesController$3.class
com\chickencenter\ui\controllers\SalesController$6.class
com\chickencenter\dao\EmployeeDAO.class
com\chickencenter\model\ShopExpense.class
com\chickencenter\dao\AccountDAO.class
com\chickencenter\ui\controllers\NavigationHelper.class
com\chickencenter\ui\controllers\PurchaseController$2.class
com\chickencenter\ui\controllers\SalesController$15.class
com\chickencenter\ui\controllers\SalesController$3.class
com\chickencenter\MainApp.class
com\chickencenter\ui\controllers\ProductsController$7.class
com\chickencenter\ui\controllers\SalesController$1.class
com\chickencenter\dao\ProductDAO.class
com\chickencenter\ui\controllers\ProductsController.class
com\chickencenter\model\Purchase.class
com\chickencenter\dao\VendorExpenseDAO.class
com\chickencenter\model\PurchaseBatch.class
com\chickencenter\ui\controllers\SalesController$12.class
com\chickencenter\ui\controllers\PurchaseController$4.class
com\chickencenter\ui\controllers\ExpensesController$5.class
com\chickencenter\ui\controllers\ProductsController$8.class
com\chickencenter\ui\controllers\SalesController$4.class
com\chickencenter\ui\controllers\VendorsController$1.class
com\chickencenter\ui\controllers\ProductsController$1.class
com\chickencenter\model\Account.class
com\chickencenter\Main.class
com\chickencenter\model\Item.class
com\chickencenter\ui\controllers\SalesController$18.class
com\chickencenter\ui\controllers\SalesController$11.class
com\chickencenter\ui\controllers\VendorsController.class
com\chickencenter\ui\controllers\SalesController$21.class
com\chickencenter\ui\controllers\MainController.class
com\chickencenter\model\Sale.class
com\chickencenter\ui\controllers\ExpensesController.class
com\chickencenter\dao\VendorDAO.class
com\chickencenter\util\DropdownUtils.class
com\chickencenter\ui\controllers\PurchaseController$3.class
com\chickencenter\ui\controllers\SalesController$10.class
com\chickencenter\ui\controllers\ExpensesController$6.class
com\chickencenter\model\Vendor.class
com\chickencenter\ui\controllers\ProductsController$2.class
com\chickencenter\ui\controllers\SalesController$5.class
com\chickencenter\util\InvoiceExporter.class
com\chickencenter\ui\controllers\EmployeesController$3.class
com\chickencenter\dao\SaleDAO.class
com\chickencenter\ui\controllers\DashboardController.class
com\chickencenter\ui\controllers\EmployeesController.class
com\chickencenter\util\ToastManager.class
com\chickencenter\printer\ReceiptPrintTask.class
com\chickencenter\ui\controllers\PurchaseController.class
com\chickencenter\ui\controllers\SalesController$17.class
com\chickencenter\ui\controllers\BillingController.class
com\chickencenter\dao\PurchaseDAO.class
com\chickencenter\ui\controllers\SalesController$22.class
com\chickencenter\printer\EscPosFormatter.class
com\chickencenter\ui\controllers\AccountSettingsController.class
com\chickencenter\util\DropdownUtils$1.class
com\chickencenter\ui\controllers\ProductsController$3.class
com\chickencenter\database\DatabaseConnection.class
com\chickencenter\ui\controllers\SalesController$19.class
com\chickencenter\ui\controllers\ProductsController$6.class
com\chickencenter\ui\controllers\SalesController$ItemSaleRecord.class
com\chickencenter\dao\ItemDAO.class
com\chickencenter\ui\controllers\SalesController$13.class
com\chickencenter\ui\controllers\EmployeesController$2.class
com\chickencenter\ui\controllers\SalesController$16.class
com\chickencenter\model\VendorExpense.class
com\chickencenter\service\SecurityService.class
com\chickencenter\ui\controllers\ProductsController$9.class
com\chickencenter\ui\controllers\DashboardController$Point.class
com\chickencenter\dao\PurchaseBatchDAO.class
com\chickencenter\dao\PriceDAO.class
com\chickencenter\model\Employee.class
com\chickencenter\util\FormatUtil.class
com\chickencenter\ui\controllers\BillingController$1.class
com\chickencenter\ui\controllers\SalesController$23.class
com\chickencenter\ui\controllers\SalesController$20.class
com\chickencenter\dao\EmployeeExpenseDAO.class
com\chickencenter\ui\controllers\DashboardController$DonutSegment.class
com\chickencenter\ui\controllers\PurchaseController$1.class
com\chickencenter\ui\controllers\ExpensesController$1.class
com\chickencenter\ui\controllers\SalesController.class
com\chickencenter\util\ToastManager$Type.class
com\chickencenter\printer\PrinterService.class
com\chickencenter\printer\PrinterSettingsManager.class
com\chickencenter\ui\controllers\ExpensesController$4.class
com\chickencenter\ui\controllers\SalesController$7.class
com\chickencenter\util\ToastManager$ToastMessage.class
com\chickencenter\ui\controllers\ExpensesController$EmployeeSelect.class
com\chickencenter\ui\controllers\EmployeesController$1.class
com\chickencenter\ui\controllers\SalesController$14.class
com\chickencenter\database\DatabaseInitializer.class
com\chickencenter\service\ExpenseService.class
com\chickencenter\service\AccountService.class
com\chickencenter\model\EmployeeExpense.class
com\chickencenter\ui\controllers\ProductsController$4.class
com\chickencenter\ui\controllers\SalesController$8.class
com\chickencenter\dao\ShopExpenseDAO.class
com\chickencenter\ui\controllers\BillingController$3.class
com\chickencenter\model\Price.class
com\chickencenter\util\LoggerUtil.class
com\chickencenter\dao\SaleItemDAO.class
com\chickencenter\service\ProductService.class
com\chickencenter\ui\controllers\ExpensesController$2.class
com\chickencenter\ui\controllers\DashboardController$DailyData.class
com\chickencenter\ui\controllers\ProductsController$5.class
com\chickencenter\dao\PurchaseDAO$PurchaseWithDetails.class
com\chickencenter\dao\PurchaseDAO$ProductWithVendor.class
com\chickencenter\service\BillingService.class
com\chickencenter\ui\controllers\SalesController$2.class
