C:\Users\acer\OneDrive\Desktop\Jk-Chicken-Center\src\main\java\com\chickencenter\model\Purchase.java
C:\Users\acer\OneDrive\Desktop\Jk-Chicken-Center\src\main\java\com\chickencenter\dao\VendorDAO.java
C:\Users\acer\OneDrive\Desktop\Jk-Chicken-Center\src\main\java\com\chickencenter\service\SecurityService.java
C:\Users\acer\OneDrive\Desktop\Jk-Chicken-Center\src\main\java\com\chickencenter\service\ExpenseService.java
C:\Users\acer\OneDrive\Desktop\Jk-Chicken-Center\src\main\java\com\chickencenter\ui\controllers\DashboardController.java
C:\Users\acer\OneDrive\Desktop\Jk-Chicken-Center\src\main\java\com\chickencenter\dao\EmployeeDAO.java
C:\Users\acer\OneDrive\Desktop\Jk-Chicken-Center\src\main\java\com\chickencenter\model\Price.java
C:\Users\acer\OneDrive\Desktop\Jk-Chicken-Center\src\main\java\com\chickencenter\service\AccountService.java
C:\Users\acer\OneDrive\Desktop\Jk-Chicken-Center\src\main\java\com\chickencenter\model\Item.java
C:\Users\acer\OneDrive\Desktop\Jk-Chicken-Center\src\main\java\com\chickencenter\model\PurchaseBatch.java
C:\Users\acer\OneDrive\Desktop\Jk-Chicken-Center\src\main\java\com\chickencenter\ui\controllers\BillingController.java
C:\Users\acer\OneDrive\Desktop\Jk-Chicken-Center\src\main\java\com\chickencenter\util\InvoiceExporter.java
C:\Users\acer\OneDrive\Desktop\Jk-Chicken-Center\src\main\java\com\chickencenter\service\BillingService.java
C:\Users\acer\OneDrive\Desktop\Jk-Chicken-Center\src\main\java\com\chickencenter\dao\PurchaseBatchDAO.java
C:\Users\acer\OneDrive\Desktop\Jk-Chicken-Center\src\main\java\com\chickencenter\util\FormatUtil.java
C:\Users\acer\OneDrive\Desktop\Jk-Chicken-Center\src\main\java\com\chickencenter\model\Sale.java
C:\Users\acer\OneDrive\Desktop\Jk-Chicken-Center\src\main\java\com\chickencenter\model\VendorExpense.java
C:\Users\acer\OneDrive\Desktop\Jk-Chicken-Center\src\main\java\com\chickencenter\ui\controllers\MainController.java
C:\Users\acer\OneDrive\Desktop\Jk-Chicken-Center\src\main\java\com\chickencenter\dao\ShopExpenseDAO.java
C:\Users\acer\OneDrive\Desktop\Jk-Chicken-Center\src\main\java\com\chickencenter\printer\PrinterService.java
C:\Users\acer\OneDrive\Desktop\Jk-Chicken-Center\src\main\java\com\chickencenter\model\Account.java
C:\Users\acer\OneDrive\Desktop\Jk-Chicken-Center\src\main\java\com\chickencenter\ui\controllers\ExpensesController.java
C:\Users\acer\OneDrive\Desktop\Jk-Chicken-Center\src\main\java\com\chickencenter\model\SaleItem.java
C:\Users\acer\OneDrive\Desktop\Jk-Chicken-Center\src\main\java\com\chickencenter\ui\controllers\EmployeesController.java
C:\Users\acer\OneDrive\Desktop\Jk-Chicken-Center\src\main\java\com\chickencenter\ui\controllers\AccountSettingsController.java
C:\Users\acer\OneDrive\Desktop\Jk-Chicken-Center\src\main\java\com\chickencenter\dao\PriceDAO.java
C:\Users\acer\OneDrive\Desktop\Jk-Chicken-Center\src\main\java\com\chickencenter\Main.java
C:\Users\acer\OneDrive\Desktop\Jk-Chicken-Center\src\main\java\com\chickencenter\printer\EscPosFormatter.java
C:\Users\acer\OneDrive\Desktop\Jk-Chicken-Center\src\main\java\com\chickencenter\model\Product.java
C:\Users\acer\OneDrive\Desktop\Jk-Chicken-Center\src\main\java\com\chickencenter\model\Vendor.java
C:\Users\acer\OneDrive\Desktop\Jk-Chicken-Center\src\main\java\com\chickencenter\printer\PrinterSettingsManager.java
C:\Users\acer\OneDrive\Desktop\Jk-Chicken-Center\src\main\java\com\chickencenter\ui\controllers\NavigationHelper.java
C:\Users\acer\OneDrive\Desktop\Jk-Chicken-Center\src\main\java\com\chickencenter\ui\controllers\ProductsController.java
C:\Users\acer\OneDrive\Desktop\Jk-Chicken-Center\src\main\java\com\chickencenter\dao\AccountDAO.java
C:\Users\acer\OneDrive\Desktop\Jk-Chicken-Center\src\main\java\com\chickencenter\ui\controllers\VendorsController.java
C:\Users\acer\OneDrive\Desktop\Jk-Chicken-Center\src\main\java\com\chickencenter\printer\ThermalReceiptBuilder.java
C:\Users\acer\OneDrive\Desktop\Jk-Chicken-Center\src\main\java\com\chickencenter\dao\SaleDAO.java
C:\Users\acer\OneDrive\Desktop\Jk-Chicken-Center\src\main\java\com\chickencenter\dao\EmployeeExpenseDAO.java
C:\Users\acer\OneDrive\Desktop\Jk-Chicken-Center\src\main\java\com\chickencenter\printer\ReceiptPrintTask.java
C:\Users\acer\OneDrive\Desktop\Jk-Chicken-Center\src\main\java\com\chickencenter\ui\controllers\PurchaseController.java
C:\Users\acer\OneDrive\Desktop\Jk-Chicken-Center\src\main\java\com\chickencenter\dao\VendorExpenseDAO.java
C:\Users\acer\OneDrive\Desktop\Jk-Chicken-Center\src\main\java\com\chickencenter\service\ProductService.java
C:\Users\acer\OneDrive\Desktop\Jk-Chicken-Center\src\main\java\com\chickencenter\database\DatabaseInitializer.java
C:\Users\acer\OneDrive\Desktop\Jk-Chicken-Center\src\main\java\com\chickencenter\dao\ItemDAO.java
C:\Users\acer\OneDrive\Desktop\Jk-Chicken-Center\src\main\java\com\chickencenter\dao\ProductDAO.java
C:\Users\acer\OneDrive\Desktop\Jk-Chicken-Center\src\main\java\com\chickencenter\model\ShopExpense.java
C:\Users\acer\OneDrive\Desktop\Jk-Chicken-Center\src\main\java\com\chickencenter\dao\PurchaseDAO.java
C:\Users\acer\OneDrive\Desktop\Jk-Chicken-Center\src\main\java\com\chickencenter\database\DatabaseConnection.java
C:\Users\acer\OneDrive\Desktop\Jk-Chicken-Center\src\main\java\com\chickencenter\model\Employee.java
C:\Users\acer\OneDrive\Desktop\Jk-Chicken-Center\src\main\java\com\chickencenter\util\ToastManager.java
C:\Users\acer\OneDrive\Desktop\Jk-Chicken-Center\src\main\java\com\chickencenter\util\LoggerUtil.java
C:\Users\acer\OneDrive\Desktop\Jk-Chicken-Center\src\main\java\com\chickencenter\dao\SaleItemDAO.java
C:\Users\acer\OneDrive\Desktop\Jk-Chicken-Center\src\main\java\com\chickencenter\util\DropdownUtils.java
C:\Users\acer\OneDrive\Desktop\Jk-Chicken-Center\src\main\java\com\chickencenter\MainApp.java
C:\Users\acer\OneDrive\Desktop\Jk-Chicken-Center\src\main\java\com\chickencenter\model\EmployeeExpense.java
C:\Users\acer\OneDrive\Desktop\Jk-Chicken-Center\src\main\java\com\chickencenter\ui\controllers\SalesController.java
